2024-10-11 16:27:29,339 - DEBUG - Creating ROOT dictionary.
2024-10-11 16:27:29,340 - INFO - creating ACAD_COLOR dictionary
2024-10-11 16:27:29,340 - INFO - creating ACAD_GROUP dictionary
2024-10-11 16:27:29,340 - INFO - creating ACAD_LAYOUT dictionary
2024-10-11 16:27:29,340 - INFO - creating ACAD_MATERIAL dictionary
2024-10-11 16:27:29,340 - INFO - creating ACAD_MLEADERSTYLE dictionary
2024-10-11 16:27:29,340 - INFO - creating ACAD_MLINESTYLE dictionary
2024-10-11 16:27:29,340 - INFO - creating ACAD_PLOTSETTINGS dictionary
2024-10-11 16:27:29,340 - INFO - creating ACAD_PLOTSTYLENAME dictionary
2024-10-11 16:27:29,341 - INFO - creating ACAD_SCALELIST dictionary
2024-10-11 16:27:29,341 - INFO - creating ACAD_TABLESTYLE dictionary
2024-10-11 16:27:29,341 - INFO - creating ACAD_VISUALSTYLE dictionary
2024-10-11 16:29:19,404 - DEBUG - Creating ROOT dictionary.
2024-10-11 16:29:19,404 - INFO - creating ACAD_COLOR dictionary
2024-10-11 16:29:19,404 - INFO - creating ACAD_GROUP dictionary
2024-10-11 16:29:19,404 - INFO - creating ACAD_LAYOUT dictionary
2024-10-11 16:29:19,404 - INFO - creating ACAD_MATERIAL dictionary
2024-10-11 16:29:19,404 - INFO - creating ACAD_MLEADERSTYLE dictionary
2024-10-11 16:29:19,405 - INFO - creating ACAD_MLINESTYLE dictionary
2024-10-11 16:29:19,405 - INFO - creating ACAD_PLOTSETTINGS dictionary
2024-10-11 16:29:19,405 - INFO - creating ACAD_PLOTSTYLENAME dictionary
2024-10-11 16:29:19,405 - INFO - creating ACAD_SCALELIST dictionary
2024-10-11 16:29:19,405 - INFO - creating ACAD_TABLESTYLE dictionary
2024-10-11 16:29:19,405 - INFO - creating ACAD_VISUALSTYLE dictionary
2024-10-11 17:35:25,040 - DEBUG - Creating ROOT dictionary.
2024-10-11 17:35:25,040 - INFO - creating ACAD_COLOR dictionary
2024-10-11 17:35:25,040 - INFO - creating ACAD_GROUP dictionary
2024-10-11 17:35:25,041 - INFO - creating ACAD_LAYOUT dictionary
2024-10-11 17:35:25,041 - INFO - creating ACAD_MATERIAL dictionary
2024-10-11 17:35:25,041 - INFO - creating ACAD_MLEADERSTYLE dictionary
2024-10-11 17:35:25,041 - INFO - creating ACAD_MLINESTYLE dictionary
2024-10-11 17:35:25,042 - INFO - creating ACAD_PLOTSETTINGS dictionary
2024-10-11 17:35:25,042 - INFO - creating ACAD_PLOTSTYLENAME dictionary
2024-10-11 17:35:25,042 - INFO - creating ACAD_SCALELIST dictionary
2024-10-11 17:35:25,042 - INFO - creating ACAD_TABLESTYLE dictionary
2024-10-11 17:35:25,042 - INFO - creating ACAD_VISUALSTYLE dictionary
2024-10-11 17:36:30,091 - DEBUG - Creating ROOT dictionary.
2024-10-11 17:36:30,091 - INFO - creating ACAD_COLOR dictionary
2024-10-11 17:36:30,091 - INFO - creating ACAD_GROUP dictionary
2024-10-11 17:36:30,091 - INFO - creating ACAD_LAYOUT dictionary
2024-10-11 17:36:30,092 - INFO - creating ACAD_MATERIAL dictionary
2024-10-11 17:36:30,092 - INFO - creating ACAD_MLEADERSTYLE dictionary
2024-10-11 17:36:30,092 - INFO - creating ACAD_MLINESTYLE dictionary
2024-10-11 17:36:30,092 - INFO - creating ACAD_PLOTSETTINGS dictionary
2024-10-11 17:36:30,092 - INFO - creating ACAD_PLOTSTYLENAME dictionary
2024-10-11 17:36:30,092 - INFO - creating ACAD_SCALELIST dictionary
2024-10-11 17:36:30,093 - INFO - creating ACAD_TABLESTYLE dictionary
2024-10-11 17:36:30,093 - INFO - creating ACAD_VISUALSTYLE dictionary
2024-10-11 17:36:30,101 - INFO - did not write header var $INTERFEREOBJVS, value is None.
2024-10-11 17:36:30,101 - INFO - did not write header var $INTERFEREVPVS, value is None.
2024-10-13 15:12:22,587 - DEBUG - Creating ROOT dictionary.
2024-10-13 15:12:22,587 - INFO - creating ACAD_COLOR dictionary
2024-10-13 15:12:22,587 - INFO - creating ACAD_GROUP dictionary
2024-10-13 15:12:22,587 - INFO - creating ACAD_LAYOUT dictionary
2024-10-13 15:12:22,587 - INFO - creating ACAD_MATERIAL dictionary
2024-10-13 15:12:22,587 - INFO - creating ACAD_MLEADERSTYLE dictionary
2024-10-13 15:12:22,588 - INFO - creating ACAD_MLINESTYLE dictionary
2024-10-13 15:12:22,588 - INFO - creating ACAD_PLOTSETTINGS dictionary
2024-10-13 15:12:22,588 - INFO - creating ACAD_PLOTSTYLENAME dictionary
2024-10-13 15:12:22,588 - INFO - creating ACAD_SCALELIST dictionary
2024-10-13 15:12:22,588 - INFO - creating ACAD_TABLESTYLE dictionary
2024-10-13 15:12:22,588 - INFO - creating ACAD_VISUALSTYLE dictionary
2024-10-13 15:12:22,592 - INFO - did not write header var $INTERFEREOBJVS, value is None.
2024-10-13 15:12:22,592 - INFO - did not write header var $INTERFEREVPVS, value is None.
Skipping C_SWD_EX STORMWATER DRAINAGE: no REST features for polyline
Skipping 1m_CONTOURS: no REST features for polyline
Skipping C_SWD_EX STORMWATER DRAINAGE: no REST features for polyline
Skipping C_BDY: no REST features for polygon
Skipping C_SEW_EX SERVICE: no REST features for polyline
Skipping C_SEW_EX RISING MAIN: no REST features for polyline
Skipping C_SEW_EX GRAVITY SEWER: no REST features for polyline
Skipping C_SWD_EX STORMWATER DRAINAGE: no REST features for polyline
Skipping C_WAT_EX SERVICE: no REST features for polyline
Skipping C_WAT_EX DRINKING WATER MAIN: no REST features for polyline
Skipping 1m_CONTOURS: no REST features for polyline
Skipping 1m_CONTOURS: no REST features for polyline
Skipping C_WAT_EX SERVICE: no REST features for polyline
Skipping C_WAT_EX DRINKING WATER MAIN: no REST features for polyline
Skipping C_WAT_EX DRINKING WATER MAIN: no REST features for polyline
Skipping C_SEW_EX SERVICE: no REST features for polyline
Skipping C_SEW_EX RISING MAIN: no REST features for polyline
Skipping C_SEW_EX GRAVITY SEWER: no REST features for polyline
Skipping C_SEW_EX GRAVITY SEWER: no REST features for polyline
REST fetch error for C_SWD_EX MAINTENANCE HOLE: HTTPSConnectionPool(host='maps.cityofgoldcoast.com.au', port=443): Max retries exceeded with url: /arcgis/rest/services/Hosted/Storm
water_Infrastructure/FeatureServer/20/query?f=geojson&where=1%3D1&geometry=-0.01%2C-0.01%2C0.01%2C0.01&geometryType=esriGeometryEnvelope&inSR=4326&outSR=4326&returnGeometry=true (C
aused by NameResolutionError("<urllib3.connection.HTTPSConnection object at 0x000002A993C50C10>: Failed to resolve 'maps.cityofgoldcoast.com.au' ([Errno 11001] getaddrinfo failed)"))
Skipping C_SWD_EX MAINTENANCE HOLE: no REST features for polygon
REST fetch error for C_SWD_EX STORMWATER DRAINAGE: HTTPSConnectionPool(host='maps.cityofgoldcoast.com.au', port=443): Max retries exceeded with url: /arcgis/rest/services/Hosted/St
ormwater_Infrastructure/FeatureServer/15/query?f=geojson&where=1%3D1&geometry=-0.01%2C-0.01%2C0.01%2C0.01&geometryType=esriGeometryEnvelope&inSR=4326&outSR=4326&returnGeometry=true
 (Caused by NameResolutionError("<urllib3.connection.HTTPSConnection object at 0x000002A993FCB5D0>: Failed to resolve 'maps.cityofgoldcoast.com.au' ([Errno 11001] getaddrinfo failed)"))
Skipping C_SWD_EX STORMWATER DRAINAGE: no REST features for polyline
REST fetch error for C_WAT_EX SERVICE: HTTPSConnectionPool(host='maps.cityofgoldcoast.com.au', port=443): Max retries exceeded with url: /arcgis/rest/services/Hosted/Water_Infrastr
ucture/FeatureServer/7/query?f=geojson&where=1%3D1&geometry=-0.01%2C-0.01%2C0.01%2C0.01&geometryType=esriGeometryEnvelope&inSR=4326&outSR=4326&returnGeometry=true (Caused by NameResolutionError("<urllib3.connection.HTTPSConnection object at 0x000002A993C50690>: Failed to resolve 'maps.cityofgoldcoast.com.au' ([Errno 11001] getaddrinfo failed)"))
Skipping C_WAT_EX SERVICE: no REST features for polyline
REST fetch error for C_WAT_EX RECYCLED WATER MAIN: HTTPSConnectionPool(host='maps.cityofgoldcoast.com.au', port=443): Max retries exceeded with url: /arcgis/rest/services/Hosted/Wa
ter_Infrastructure/FeatureServer/5/query?f=geojson&where=1%3D1&geometry=-0.01%2C-0.01%2C0.01%2C0.01&geometryType=esriGeometryEnvelope&inSR=4326&outSR=4326&returnGeometry=true (Caused by NameResolutionError("<urllib3.connection.HTTPSConnection object at 0x000002A993C51C90>: Failed to resolve 'maps.cityofgoldcoast.com.au' ([Errno 11001] getaddrinfo failed)"))
Skipping C_WAT_EX RECYCLED WATER MAIN: no REST features for polyline
REST fetch error for C_WAT_EX DRINKING WATER MAIN: HTTPSConnectionPool(host='maps.cityofgoldcoast.com.au', port=443): Max retries exceeded with url: /arcgis/rest/services/Hosted/Wa
ter_Infrastructure/FeatureServer/4/query?f=geojson&where=1%3D1&geometry=-0.01%2C-0.01%2C0.01%2C0.01&geometryType=esriGeometryEnvelope&inSR=4326&outSR=4326&returnGeometry=true (Caused by NameResolutionError("<urllib3.connection.HTTPSConnection object at 0x000002A993C50850>: Failed to resolve 'maps.cityofgoldcoast.com.au' ([Errno 11001] getaddrinfo failed)"))
Skipping C_WAT_EX DRINKING WATER MAIN: no REST features for polyline
REST fetch error for C_WAT_EX SERVICE: HTTPSConnectionPool(host='maps.cityofgoldcoast.com.au', port=443): Max retries exceeded with url: /arcgis/rest/services/Hosted/Water_Infrastr
ucture/FeatureServer/3/query?f=geojson&where=1%3D1&geometry=-0.01%2C-0.01%2C0.01%2C0.01&geometryType=esriGeometryEnvelope&inSR=4326&outSR=4326&returnGeometry=true (Caused by NameResolutionError("<urllib3.connection.HTTPSConnection object at 0x000002A993C50850>: Failed to resolve 'maps.cityofgoldcoast.com.au' ([Errno 11001] getaddrinfo failed)"))
REST fetch error for C_WAT_EX HYDRANT: HTTPSConnectionPool(host='maps.cityofgoldcoast.com.au', port=443): Max retries exceeded with url: /arcgis/rest/services/Hosted/Water_Infrastr
ucture/FeatureServer/0/query?f=geojson&where=1%3D1&geometry=-0.01%2C-0.01%2C0.01%2C0.01&geometryType=esriGeometryEnvelope&inSR=4326&outSR=4326&returnGeometry=true (Caused by NameResolutionError("<urllib3.connection.HTTPSConnection object at 0x000002A994245E10>: Failed to resolve 'maps.cityofgoldcoast.com.au' ([Errno 11001] getaddrinfo failed)"))
REST fetch error for C_SEW_EX RISING MAIN: HTTPSConnectionPool(host='maps.cityofgoldcoast.com.au', port=443): Max retries exceeded with url: /arcgis/rest/services/Hosted/Sewer_Infr
astructure/FeatureServer/7/query?f=geojson&where=1%3D1&geometry=-0.01%2C-0.01%2C0.01%2C0.01&geometryType=esriGeometryEnvelope&inSR=4326&outSR=4326&returnGeometry=true (Caused by NameResolutionError("<urllib3.connection.HTTPSConnection object at 0x000002A993C29610>: Failed to resolve 'maps.cityofgoldcoast.com.au' ([Errno 11001] getaddrinfo failed)"))
Skipping C_SEW_EX RISING MAIN: no REST features for polyline
REST fetch error for C_SEW_EX GRAVITY SEWER: HTTPSConnectionPool(host='maps.cityofgoldcoast.com.au', port=443): Max retries exceeded with url: /arcgis/rest/services/Hosted/Sewer_In
frastructure/FeatureServer/6/query?f=geojson&where=1%3D1&geometry=-0.01%2C-0.01%2C0.01%2C0.01&geometryType=esriGeometryEnvelope&inSR=4326&outSR=4326&returnGeometry=true (Caused by NameResolutionError("<urllib3.connection.HTTPSConnection object at 0x000002A993CA4BD0>: Failed to resolve 'maps.cityofgoldcoast.com.au' ([Errno 11001] getaddrinfo failed)"))
Skipping C_SEW_EX GRAVITY SEWER: no REST features for polyline
REST fetch error for C_SEW_EX SERVICE: HTTPSConnectionPool(host='maps.cityofgoldcoast.com.au', port=443): Max retries exceeded with url: /arcgis/rest/services/Hosted/Sewer_Infrastr
ucture/FeatureServer/5/query?f=geojson&where=1%3D1&geometry=-0.01%2C-0.01%2C0.01%2C0.01&geometryType=esriGeometryEnvelope&inSR=4326&outSR=4326&returnGeometry=true (Caused by NameResolutionError("<urllib3.connection.HTTPSConnection object at 0x000002A993CC5190>: Failed to resolve 'maps.cityofgoldcoast.com.au' ([Errno 11001] getaddrinfo failed)"))
Skipping C_SEW_EX SERVICE: no REST features for polyline
REST fetch error for C_SEW_EX SERVICE: HTTPSConnectionPool(host='maps.cityofgoldcoast.com.au', port=443): Max retries exceeded with url: /arcgis/rest/services/Hosted/Sewer_Infrastr
ucture/FeatureServer/4/query?f=geojson&where=1%3D1&geometry=-0.01%2C-0.01%2C0.01%2C0.01&geometryType=esriGeometryEnvelope&inSR=4326&outSR=4326&returnGeometry=true (Caused by NameResolutionError("<urllib3.connection.HTTPSConnection object at 0x000002A993CA7290>: Failed to resolve 'maps.cityofgoldcoast.com.au' ([Errno 11001] getaddrinfo failed)"))
Skipping C_SEW_EX SERVICE: no REST features for polyline
REST fetch error for C_SEW_EX MAINTENANCE HOLE: HTTPSConnectionPool(host='maps.cityofgoldcoast.com.au', port=443): Max retries exceeded with url: /arcgis/rest/services/Hosted/Sewer
_Infrastructure/FeatureServer/1/query?f=geojson&where=1%3D1&geometry=-0.01%2C-0.01%2C0.01%2C0.01&geometryType=esriGeometryEnvelope&inSR=4326&outSR=4326&returnGeometry=true (Caused by NameResolutionError("<urllib3.connection.HTTPSConnection object at 0x000002A993C2B250>: Failed to resolve 'maps.cityofgoldcoast.com.au' ([Errno 11001] getaddrinfo failed)"))
Skipping C_SWD_EX STORMWATER DRAINAGE: no REST features for polyline
Skipping C_SWD_EX STORMWATER DRAINAGE: no REST features for polyline
Skipping C_SWD_EX STORMWATER DRAINAGE: no REST features for polyline
Skipping C_SWD_EX STORMWATER DRAINAGE: no REST features for polyline
Skipping C_SWD_EX STORMWATER DRAINAGE: no REST features for polyline
Skipping C_SWD_EX STORMWATER DRAINAGE: no REST features for polyline
Skipping C_EASEMENT: no REST features for polygon
Skipping C_BDY: no REST features for polygon
